[    0.000000] Initializing cgroup subsys cpuset
[    0.000000] Initializing cgroup subsys cpu
[    0.000000] Initializing cgroup subsys cpuacct
[    0.000000] Linux version 4.4.0-59-generic (buildd@lgw01-11) (gcc version 5.4.0 20160609 (Ubuntu 5.4.0-6ubuntu1~16.04.4) ) #80-Ubuntu SMP Fri Jan 6 17:47:47 UTC 2017 (Ubuntu 4.4.0-59.80-generic 4.4.35)
[    0.000000] Command line: BOOT_IMAGE=/boot/vmlinuz-4.4.0-59-generic root=LABEL=cloudimg-rootfs ro console=tty1 console=ttyS0
[    0.000000] KERNEL supported cpus:
[    0.000000]   Intel GenuineIntel
[    0.000000]   AMD AuthenticAMD
[    0.000000]   Centaur CentaurHauls
[    0.000000] x86/fpu: xstate_offset[2]:  576, xstate_sizes[2]:  256
[    0.000000] x86/fpu: Supporting XSAVE feature 0x01: 'x87 floating point registers'
[    0.000000] x86/fpu: Supporting XSAVE feature 0x02: 'SSE registers'
[    0.000000] x86/fpu: Supporting XSAVE feature 0x04: 'AVX registers'
[    0.000000] x86/fpu: Enabled xstate features 0x7, context size is 832 bytes, using 'standard' format.
[    0.000000] x86/fpu: Using 'lazy' FPU context switches.
[    0.000000] e820: BIOS-provided physical RAM map:
[    0.000000] BIOS-e820: [mem 0x0000000000000000-0x000000000009fbff] usable
[    0.000000] BIOS-e820: [mem 0x000000000009fc00-0x000000000009ffff] reserved
[    0.000000] BIOS-e820: [mem 0x00000000000f0000-0x00000000000fffff] reserved
[    0.000000] BIOS-e820: [mem 0x0000000000100000-0x000000003ffeffff] usable
[    0.000000] BIOS-e820: [mem 0x000000003fff0000-0x000000003fffffff] ACPI data
[    0.000000] BIOS-e820: [mem 0x00000000fec00000-0x00000000fec00fff] reserved
[    0.000000] BIOS-e820: [mem 0x00000000fee00000-0x00000000fee00fff] reserved
[    0.000000] BIOS-e820: [mem 0x00000000fffc0000-0x00000000ffffffff] reserved
[    0.000000] NX (Execute Disable) protection: active
[    0.000000] SMBIOS 2.5 present.
[    0.000000] Hypervisor detected: KVM
[    0.000000] e820: last_pfn = 0x3fff0 max_arch_pfn = 0x400000000
[    0.000000] MTRR: Disabled
[    0.000000] x86/PAT: MTRRs disabled, skipping PAT initialization too.
[    0.000000] x86/PAT: Configuration [0-7]: WB  WT  UC- UC  WB  WT  UC- UC  
[    0.000000] CPU MTRRs all blank - virtualized system.
[    0.000000] found SMP MP-table at [mem 0x0009fff0-0x0009ffff] mapped at [ffff88000009fff0]
[    0.000000] Scanning 1 areas for low memory corruption
[    0.000000] RAMDISK: [mem 0x36b8c000-0x375bdfff]
[    0.000000] ACPI: Early table checksum verification disabled
[    0.000000] ACPI: RSDP 0x00000000000E0000 000024 (v02 VBOX  )
[    0.000000] ACPI: XSDT 0x000000003FFF0030 00003C (v01 VBOX   VBOXXSDT 00000001 ASL  00000061)
[    0.000000] ACPI: FACP 0x000000003FFF00F0 0000F4 (v04 VBOX   VBOXFACP 00000001 ASL  00000061)
[    0.000000] ACPI: DSDT 0x000000003FFF0470 00210F (v01 VBOX   VBOXBIOS 00000002 INTL 20100528)
[    0.000000] ACPI: FACS 0x000000003FFF0200 000040
[    0.000000] ACPI: FACS 0x000000003FFF0200 000040
[    0.000000] ACPI: APIC 0x000000003FFF0240 00005C (v02 VBOX   VBOXAPIC 00000001 ASL  00000061)
[    0.000000] ACPI: SSDT 0x000000003FFF02A0 0001CC (v01 VBOX   VBOXCPUT 00000002 INTL 20100528)
[    0.000000] No NUMA configuration found
[    0.000000] Faking a node at [mem 0x0000000000000000-0x000000003ffeffff]
[    0.000000] NODE_DATA(0) allocated [mem 0x3ffeb000-0x3ffeffff]
[    0.000000] kvm-clock: Using msrs 4b564d01 and 4b564d00
[    0.000000] kvm-clock: cpu 0, msr 0:3ffe3001, primary cpu clock
[    0.000000] kvm-clock: using sched offset of 2972676129 cycles
[    0.000000] clocksource: kvm-clock: mask: 0xffffffffffffffff max_cycles: 0x1cd42e4dffb, max_idle_ns: 881590591483 ns
[    0.000000] Zone ranges:
[    0.000000]   DMA      [mem 0x0000000000001000-0x0000000000ffffff]
[    0.000000]   DMA32    [mem 0x0000000001000000-0x000000003ffeffff]
[    0.000000]   Normal   empty
[    0.000000]   Device   empty
[    0.000000] Movable zone start for each node
[    0.000000] Early memory node ranges
[    0.000000]   node   0: [mem 0x0000000000001000-0x000000000009efff]
[    0.000000]   node   0: [mem 0x0000000000100000-0x000000003ffeffff]
[    0.000000] Initmem setup node 0 [mem 0x0000000000001000-0x000000003ffeffff]
[    0.000000] ACPI: PM-Timer IO Port: 0x4008
[    0.000000] IOAPIC[0]: apic_id 2, version 32, address 0xfec00000, GSI 0-23
[    0.000000] ACPI: INT_SRC_OVR (bus 0 bus_irq 0 global_irq 2 dfl dfl)
[    0.000000] ACPI: INT_SRC_OVR (bus 0 bus_irq 9 global_irq 9 high level)
[    0.000000] Using ACPI (MADT) for SMP configuration information
[    0.000000] smpboot: Allowing 2 CPUs, 0 hotplug CPUs
[    0.000000] PM: Registered nosave memory: [mem 0x00000000-0x00000fff]
[    0.000000] PM: Registered nosave memory: [mem 0x0009f000-0x0009ffff]
[    0.000000] PM: Registered nosave memory: [mem 0x000a0000-0x000effff]
[    0.000000] PM: Registered nosave memory: [mem 0x000f0000-0x000fffff]
[    0.000000] e820: [mem 0x40000000-0xfebfffff] available for PCI devices
[    0.000000] Booting paravirtualized kernel on KVM
[    0.000000] clocksource: refined-jiffies: mask: 0xffffffff max_cycles: 0xffffffff, max_idle_ns: 7645519600211568 ns
[    0.000000] setup_percpu: NR_CPUS:512 nr_cpumask_bits:512 nr_cpu_ids:2 nr_node_ids:1
[    0.000000] PERCPU: Embedded 33 pages/cpu @ffff88003fc00000 s98264 r8192 d28712 u1048576
[    0.000000] PV qspinlock hash table entries: 256 (order: 0, 4096 bytes)
[    0.000000] Built 1 zonelists in Node order, mobility grouping on.  Total pages: 257913
[    0.000000] Policy zone: DMA32
[    0.000000] Kernel command line: BOOT_IMAGE=/boot/vmlinuz-4.4.0-59-generic root=LABEL=cloudimg-rootfs ro console=tty1 console=ttyS0
[    0.000000] PID hash table entries: 4096 (order: 3, 32768 bytes)
[    0.000000] Memory: 1002140K/1048120K available (8436K kernel code, 1291K rwdata, 3960K rodata, 1488K init, 1316K bss, 45980K reserved, 0K cma-reserved)
[    0.000000] SLUB: HWalign=64, Order=0-3, MinObjects=0, CPUs=2, Nodes=1
[    0.000000] Hierarchical RCU implementation.
[    0.000000] 	Build-time adjustment of leaf fanout to 64.
[    0.000000] 	RCU restricting CPUs from NR_CPUS=512 to nr_cpu_ids=2.
[    0.000000] RCU: Adjusting geometry for rcu_fanout_leaf=64, nr_cpu_ids=2
[    0.000000] NR_IRQS:33024 nr_irqs:440 16
[    0.000000] Console: colour VGA+ 80x25
[    0.000000] console [tty1] enabled
[    0.000000] console [ttyS0] enabled
[    0.000000] tsc: Detected 2194.918 MHz processor
[    9.127484] Calibrating delay loop (skipped) preset value.. 4389.83 BogoMIPS (lpj=8779672)
[    9.155291] pid_max: default: 32768 minimum: 301
[    9.156478] ACPI: Core revision 20150930
[    9.184469] ACPI: 2 ACPI AML tables successfully acquired and loaded
[    9.239782] Security Framework initialized
[    9.311086] Yama: becoming mindful.
[    9.384977] AppArmor: AppArmor initialized
[    9.462267] Dentry cache hash table entries: 131072 (order: 8, 1048576 bytes)
[    9.536405] Inode-cache hash table entries: 65536 (order: 7, 524288 bytes)
[    9.656383] Mount-cache hash table entries: 2048 (order: 2, 16384 bytes)
[    9.744609] Mountpoint-cache hash table entries: 2048 (order: 2, 16384 bytes)
[    9.880077] Initializing cgroup subsys io
[    9.942143] Initializing cgroup subsys memory
[   10.028759] Initializing cgroup subsys devices
[   10.126202] Initializing cgroup subsys freezer
[   10.188303] Initializing cgroup subsys net_cls
[   10.249450] Initializing cgroup subsys perf_event
[   10.305981] Initializing cgroup subsys net_prio
[   10.338517] Initializing cgroup subsys hugetlb
[   10.404150] Initializing cgroup subsys pids
[   10.486794] CPU: Physical Processor ID: 0
[   10.566943] CPU: Processor Core ID: 0
[   10.651588] mce: CPU supports 0 MCE banks
[   10.738489] Last level iTLB entries: 4KB 1024, 2MB 1024, 4MB 1024
[   10.878425] Last level dTLB entries: 4KB 1024, 2MB 1024, 4MB 1024, 1GB 4
[   10.998070] Freeing SMP alternatives memory: 32K (ffffffff820b8000 - ffffffff820c0000)
[   11.154361] ftrace: allocating 32064 entries in 126 pages
[   11.289855] smpboot: APIC(0) Converting physical 0 to logical package 0
[   11.411286] smpboot: Max logical packages: 1
[   11.486116] x2apic enabled
[   11.548368] Switched APIC routing to physical x2apic.
[   11.668919] ..TIMER: vector=0x30 apic1=0 pin1=2 apic2=-1 pin2=-1
[   11.918586] smpboot: CPU0: Intel(R) Core(TM) i7-4770HQ CPU @ 2.20GHz (family: 0x6, model: 0x46, stepping: 0x1)
[   12.129576] Performance Events: unsupported p6 CPU model 70 no PMU driver, software events only.
[   12.318898] KVM setup paravirtual spinlock
[   12.393699] x86: Booting SMP configuration:
[   12.480299] .... node  #0, CPUs:      #1
[   12.518947] kvm-clock: cpu 1, msr 0:3ffe3041, secondary cpu clock
[   12.541255] mce: CPU supports 0 MCE banks
[   12.574100] x86: Booted up 1 node, 2 CPUs
[   12.587411] smpboot: Total of 2 processors activated (8779.67 BogoMIPS)
[   12.659747] devtmpfs: initialized
[   12.683004] evm: security.selinux
[   12.738995] evm: security.SMACK64
[   12.828443] evm: security.SMACK64EXEC
[   12.927653] evm: security.SMACK64TRANSMUTE
[   12.991922] evm: security.SMACK64MMAP
[   13.013466] evm: security.ima
[   13.071174] evm: security.capability
[   13.169369] clocksource: jiffies: mask: 0xffffffff max_cycles: 0xffffffff, max_idle_ns: 7645041785100000 ns
[   13.374812] pinctrl core: initialized pinctrl subsystem
[   13.480438] RTC time:  1:50:51, date: 01/20/17
[   13.559500] NET: Registered protocol family 16
[   13.622853] cpuidle: using governor ladder
[   13.638761] cpuidle: using governor menu
[   13.691086] PCCT header not found.
[   13.758138] ACPI: bus type PCI registered
[   13.842192] acpiphp: ACPI Hot Plug PCI Controller Driver version: 0.5
[   13.980669] PCI: Using configuration type 1 for base access
[   14.080409] ACPI: Added _OSI(Module Device)
[   14.161002] ACPI: Added _OSI(Processor Device)
[   14.244148] ACPI: Added _OSI(3.0 _SCP Extensions)
[   14.323364] ACPI: Added _OSI(Processor Aggregator Device)
[   14.421536] ACPI: Executed 1 blocks of module-level executable AML code
[   14.546592] ACPI: Interpreter enabled
[   14.624614] ACPI: (supports S0 S5)
[   14.688410] ACPI: Using IOAPIC for interrupt routing
[   14.715471] PCI: Using host bridge windows from ACPI; if necessary, use "pci=nocrs" and report a bug
[   14.764203] ACPI: PCI Root Bridge [PCI0] (domain 0000 [bus 00-ff])
[   14.879291] acpi PNP0A03:00: _OSC: OS supports [ASPM ClockPM Segments MSI]
[   14.999511] acpi PNP0A03:00: _OSC failed (AE_NOT_FOUND); disabling ASPM
[   15.085935] acpi PNP0A03:00: fail to add MMCONFIG information, can't access extended PCI configuration space under this bridge.
[   15.308103] PCI host bridge to bus 0000:00
[   15.400251] pci_bus 0000:00: root bus resource [io  0x0000-0x0cf7 window]
[   15.508121] pci_bus 0000:00: root bus resource [io  0x0d00-0xffff window]
[   15.580276] pci_bus 0000:00: root bus resource [mem 0x000a0000-0x000bffff window]
[   15.711547] pci_bus 0000:00: root bus resource [mem 0x40000000-0xffdfffff window]
[   15.801520] pci_bus 0000:00: root bus resource [bus 00-ff]
[   15.874453] pci 0000:00:01.1: legacy IDE quirk: reg 0x10: [io  0x01f0-0x01f7]
[   16.000175] pci 0000:00:01.1: legacy IDE quirk: reg 0x14: [io  0x03f6]
[   16.128842] pci 0000:00:01.1: legacy IDE quirk: reg 0x18: [io  0x0170-0x0177]
[   16.269978] pci 0000:00:01.1: legacy IDE quirk: reg 0x1c: [io  0x0376]
[   16.375004] pci 0000:00:07.0: quirk: [io  0x4000-0x403f] claimed by PIIX4 ACPI
[   16.457029] pci 0000:00:07.0: quirk: [io  0x4100-0x410f] claimed by PIIX4 SMB
[   16.603832] ACPI: PCI Interrupt Link [LNKA] (IRQs 5 9 10 *11)
[   16.729820] ACPI: PCI Interrupt Link [LNKB] (IRQs 5 9 10 *11)
[   16.827557] ACPI: PCI Interrupt Link [LNKC] (IRQs 5 9 *10 11)
[   16.904273] ACPI: PCI Interrupt Link [LNKD] (IRQs 5 *9 10 11)
[   16.956477] ACPI: Enabled 2 GPEs in block 00 to 07
[   17.022505] vgaarb: setting as boot device: PCI:0000:00:02.0
[   17.108336] vgaarb: device added: PCI:0000:00:02.0,decodes=io+mem,owns=io+mem,locks=none
[   17.250384] vgaarb: loaded
[   17.284509] vgaarb: bridge control possible 0000:00:02.0
[   17.386001] SCSI subsystem initialized
[   17.452479] ACPI: bus type USB registered
[   17.531261] usbcore: registered new interface driver usbfs
[   17.659024] usbcore: registered new interface driver hub
[   17.787221] usbcore: registered new device driver usb
[   17.899763] PCI: Using ACPI for IRQ routing
[   17.948591] NetLabel: Initializing
[   17.986015] NetLabel:  domain hash size = 128
[   18.011978] NetLabel:  protocols = UNLABELED CIPSOv4
[   18.092390] NetLabel:  unlabeled traffic allowed by default
[   18.215720] amd_nb: Cannot enumerate AMD northbridges
[   18.309733] clocksource: Switched to clocksource kvm-clock
[   18.442288] AppArmor: AppArmor Filesystem Enabled
[   18.560335] pnp: PnP ACPI init
[   18.638689] pnp: PnP ACPI: found 3 devices
[   18.736890] clocksource: acpi_pm: mask: 0xffffff max_cycles: 0xffffff, max_idle_ns: 2085701024 ns
[   18.965710] NET: Registered protocol family 2
[   19.049084] TCP established hash table entries: 8192 (order: 4, 65536 bytes)
[   19.169771] TCP bind hash table entries: 8192 (order: 5, 131072 bytes)
[   19.311044] TCP: Hash tables configured (established 8192 bind 8192)
[   19.443506] UDP hash table entries: 512 (order: 2, 16384 bytes)
[   19.575466] UDP-Lite hash table entries: 512 (order: 2, 16384 bytes)
[   19.670935] NET: Registered protocol family 1
[   19.737041] pci 0000:00:00.0: Limiting direct PCI/PCI transfers
[   19.864828] pci 0000:00:01.0: Activating ISA DMA hang workarounds
[   20.013292] Trying to unpack rootfs image as initramfs...
[   21.838521] Freeing initrd memory: 10440K (ffff880036b8c000 - ffff8800375be000)
[   21.983707] platform rtc_cmos: registered platform RTC device (no PNP device found)
[   22.153811] Scanning for low memory corruption every 60 seconds
[   22.291661] futex hash table entries: 512 (order: 3, 32768 bytes)
[   22.376197] audit: initializing netlink subsys (disabled)
[   22.405526] audit: type=2000 audit(1484877047.276:1): initialized
[   22.444973] Initialise system trusted keyring
[   22.570690] HugeTLB registered 2 MB page size, pre-allocated 0 pages
[   22.650957] zbud: loaded
[   22.672114] VFS: Disk quotas dquot_6.6.0
[   22.705618] VFS: Dquot-cache hash table entries: 512 (order 0, 4096 bytes)
[   22.749193] squashfs: version 4.0 (2009/01/31) Phillip Lougher
[   22.799647] fuse init (API version 7.23)
[   22.832705] Key type big_key registered
[   22.904175] Allocating IMA MOK and blacklist keyrings.
[   22.967799] Key type asymmetric registered
[   22.994321] tsc: Refined TSC clocksource calibration: 2196.159 MHz
[   23.007030] Asymmetric key parser 'x509' registered
[   23.007098] Block layer SCSI generic (bsg) driver version 0.4 loaded (major 249)
ÿ[   23.007148] io scheduler noop registered
[   23.007151] io scheduler deadline registered (default)
[   23.007193] io scheduler cfq registered
[   23.007313] pci_hotplug: PCI Hot Plug PCI Core version: 0.5
[   23.007319] pciehp: PCI Express Hot Plug Controller Driver version: 0.4
[   23.007715] ACPI: AC Adapter [AC] (off-line)
[   23.007833] input: Power Button as /devices/LNXSYSTM:00/LNXPWRBN:00/input/input0
[   23.007837] ACPI: Power Button [PWRF]
[   23.007964] input: Sleep Button as /devices/LNXSYSTM:00/LNXSLPBN:00/input/input1
[   23.007967] ACPI: Sleep Button [SLPF]
[   23.008213] GHES: HEST is not enabled!
[   23.162950] ACPI: Battery Slot [BAT0] (battery present)
[   23.163287] Serial: 8250/16550 driver, 32 ports, IRQ sharing enabled
[   23.300677] 00:02: ttyS0 at I/O 0x3f8 (irq = 4, base_baud = 115200) is a 16550A
[   23.417871] Linux agpgart interface v0.103
[   23.496396] brd: module loaded
[   23.498366] loop: module loaded
[   23.498969] scsi host0: ata_piix
[   23.499018] scsi host1: ata_piix
[   23.499042] ata1: PATA max UDMA/33 cmd 0x1f0 ctl 0x3f6 bmdma 0xd000 irq 14
[   23.499043] ata2: PATA max UDMA/33 cmd 0x170 ctl 0x376 bmdma 0xd008 irq 15
[   23.499112] libphy: Fixed MDIO Bus: probed
[   23.499115] tun: Universal TUN/TAP device driver, 1.6
[   23.499115] tun: (C) 1999-2004 Max Krasnyansky <maxk@qualcomm.com>
[   23.499461] PPP generic driver version 2.4.2
[   23.499520] ehci_hcd: USB 2.0 'Enhanced' Host Controller (EHCI) Driver
[   23.499525] ehci-pci: EHCI PCI platform driver
[   23.499540] ehci-platform: EHCI generic platform driver
[   23.499548] ohci_hcd: USB 1.1 'Open' Host Controller (OHCI) Driver
[   23.499551] ohci-pci: OHCI PCI platform driver
[   23.499559] ohci-platform: OHCI generic platform driver
[   23.499565] uhci_hcd: USB Universal Host Controller Interface driver
[   23.499642] i8042: PNP: PS/2 Controller [PNP0303:PS2K,PNP0f03:PS2M] at 0x60,0x64 irq 1,12
[   23.500243] serio: i8042 KBD port at 0x60,0x64 irq 1
[   23.500247] serio: i8042 AUX port at 0x60,0x64 irq 12
[   23.500367] mousedev: PS/2 mouse device common for all mice
[   23.500609] input: AT Translated Set 2 keyboard as /devices/platform/i8042/serio0/input/input2
[   23.501150] rtc_cmos rtc_cmos: rtc core: registered rtc_cmos as rtc0
[   23.501244] rtc_cmos rtc_cmos: alarms up to one day, 114 bytes nvram
[   23.501251] i2c /dev entries driver
[   23.501330] device-mapper: uevent: version 1.0.3
[   23.501454] device-mapper: ioctl: 4.34.0-ioctl (2015-10-28) initialised: dm-devel@redhat.com
[   23.501473] ledtrig-cpu: registered to indicate activity on CPUs
[   23.502323] NET: Registered protocol family 10
[   23.502483] NET: Registered protocol family 17
[   23.502496] Key type dns_resolver registered
[   23.502713] microcode: CPU0 sig=0x40661, pf=0x40, revision=0x0
[   23.531331] microcode: CPU1 sig=0x40661, pf=0x40, revision=0x0
[   23.531387] microcode: Microcode Update Driver: v2.01 <tigran@aivazian.fsnet.co.uk>, Peter Oruba
[   23.531527] registered taskstats version 1
[   23.531562] Loading compiled-in X.509 certificates
[   23.532208] Loaded X.509 cert 'Build time autogenerated kernel key: 6ffa6bfaa152a74cd2b6aa1e188cb999d8f5632b'
[   23.532235] zswap: loaded using pool lzo/zbud
[   23.533836] Key type trusted registered
[   23.536711] Key type encrypted registered
[   23.536716] AppArmor: AppArmor sha1 policy hashing enabled
[   23.536719] ima: No TPM chip found, activating TPM-bypass!
[   23.536737] evm: HMAC attrs: 0x1
[   23.536993]   Magic number: 1:362:812
[   23.582250] rtc_cmos rtc_cmos: setting system clock to 2017-01-20 01:51:01 UTC (1484877061)
[   23.582375] BIOS EDD facility v0.16 2004-Jun-25, 0 devices found
[   23.582376] EDD information not available.
[   27.329102] clocksource: tsc: mask: 0xffffffffffffffff max_cycles: 0x1fa8067c797, max_idle_ns: 440795313100 ns
[   27.465525] Freeing unused kernel memory: 1488K (ffffffff81f44000 - ffffffff820b8000)
[   27.565273] Write protecting the kernel read-only data: 14336k
[   27.652563] Freeing unused kernel memory: 1792K (ffff880001840000 - ffff880001a00000)
[   27.715794] Freeing unused kernel memory: 136K (ffff880001dde000 - ffff880001e00000)
Loading, please wait...
[   27.814930] random: systemd-udevd: uninitialized urandom read (16 bytes read, 4 bits of entropy available)
starting version[   27.816117] random: udevadm: uninitialized urandom read (16 bytes read, 4 bits of entropy available)
 229
[   27.816180] random: udevadm: uninitialized urandom read (16 bytes read, 4 bits of entropy available)
[   27.816478] random: udevadm: uninitialized urandom read (16 bytes read, 4 bits of entropy available)
[   27.816608] random: udevadm: uninitialized urandom read (16 bytes read, 4 bits of entropy available)
[   27.816670] random: udevadm: uninitialized urandom read (16 bytes read, 4 bits of entropy available)
[   27.816734] random: udevadm: uninitialized urandom read (16 bytes read, 4 bits of entropy available)
[   27.816868] random: udevadm: uninitialized urandom read (16 bytes read, 4 bits of entropy available)
[   27.816949] random: udevadm: uninitialized urandom read (16 bytes read, 4 bits of entropy available)
[   27.816995] random: udevadm: uninitialized urandom read (16 bytes read, 4 bits of entropy available)
[   28.850307] e1000: Intel(R) PRO/1000 Network Driver - version 7.3.21-k8-NAPI
[   28.892439] e1000: Copyright (c) 1999-2006 Intel Corporation.
[   28.958880] Fusion MPT base driver 3.04.20
[   28.976603] Copyright (c) 1999-2008 LSI Corporation
[   28.998169] AVX version of gcm_enc/dec engaged.
[   29.036196] AES CTR mode by8 optimization enabled
[   29.052815] Fusion MPT SPI Host driver 3.04.20
[   29.197488] input: ImExPS/2 Generic Explorer Mouse as /devices/platform/i8042/serio1/input/input4
[   29.394789] e1000 0000:00:03.0 eth0: (PCI:33MHz:32-bit) 02:a5:4d:55:cc:47
[   29.510776] e1000 0000:00:03.0 eth0: Intel(R) PRO/1000 Network Connection
[   29.616727] mptbase: ioc0: Initiating bringup
[   29.770155] ioc0: LSI53C1030 A0: Capabilities={Initiator}
[   30.029530] scsi host2: ioc0: LSI53C1030 A0, FwRev=00000000h, Ports=1, MaxQ=256, IRQ=20
[   30.254606] scsi 2:0:0:0: Direct-Access     VBOX     HARDDISK         1.0  PQ: 0 ANSI: 5
[   30.420709] scsi target2:0:0: Beginning Domain Validation
[   30.490040] scsi target2:0:0: Domain Validation skipping write tests
[   30.593331] scsi target2:0:0: Ending Domain Validation
[   30.652176] scsi target2:0:0: asynchronous
[   30.695647] scsi 2:0:1:0: Direct-Access     VBOX     HARDDISK         1.0  PQ: 0 ANSI: 5
[   30.773588] scsi target2:0:1: Beginning Domain Validation
[   30.805764] scsi target2:0:1: Domain Validation skipping write tests
[   30.928503] e1000 0000:00:08.0 eth1: (PCI:33MHz:32-bit) 08:00:27:94:8b:8e
[   30.928509] e1000 0000:00:08.0 eth1: Intel(R) PRO/1000 Network Connection
[   31.041210] scsi target2:0:1: Ending Domain Validation
[   31.042114] e1000 0000:00:03.0 enp0s3: renamed from eth0
[   31.106614] scsi target2:0:1: asynchronous
[   31.134129] e1000 0000:00:08.0 enp0s8: renamed from eth1
[   31.189408] sd 2:0:0:0: Attached scsi generic sg0 type 0
[   31.189538] sd 2:0:0:0: [sda] 20971520 512-byte logical blocks: (10.7 GB/10.0 GiB)
[   31.189707] sd 2:0:0:0: [sda] Write Protect is off
[   31.189898] sd 2:0:0:0: [sda] Incomplete mode parameter data
[   31.189900] sd 2:0:0:0: [sda] Assuming drive cache: write through
[   31.190889]  sda: sda1
[   31.191748] sd 2:0:0:0: [sda] Attached SCSI disk
[   31.333620] sd 2:0:1:0: [sdb] 20480 512-byte logical blocks: (10.5 MB/10.0 MiB)
[   31.419009] sd 2:0:1:0: Attached scsi generic sg1 type 0
[   31.460222] sd 2:0:1:0: [sdb] Write Protect is off
[   31.526770] sd 2:0:1:0: [sdb] Incomplete mode parameter data
[   31.603420] sd 2:0:1:0: [sdb] Assuming drive cache: write through
[   31.708671] sd 2:0:1:0: [sdb] Attached SCSI disk
[   31.945951] floppy0: no floppy controllers found
Begin: Loading e[   33.356831] md: linear personality registered for level -1
ssential drivers[   33.459140] md: multipath personality registered for level -4
 ... [   33.500091] md: raid0 personality registered for level 0
[   33.522396] md: raid1 personality registered for level 1
[   33.657928] raid6: sse2x1   gen()  9480 MB/s
[   33.778101] raid6: sse2x1   xor()  7192 MB/s
[   33.913900] raid6: sse2x2   gen() 11443 MB/s
[   34.015165] raid6: sse2x2   xor()  7967 MB/s
[   34.162035] raid6: sse2x4   gen() 13423 MB/s
[   34.322092] raid6: sse2x4   xor()  8421 MB/s
[   34.341571] raid6: using algorithm sse2x4 gen() 13423 MB/s
[   34.413619] raid6: .... xor() 8421 MB/s, rmw enabled
[   34.459990] raid6: using ssse3x2 recovery algorithm
[   34.572392] xor: automatically using best checksumming function:
[   34.661836]    avx       : 19344.000 MB/sec
[   34.725212] async_tx: api initialized (async)
[   34.808633] md: raid6 personality registered for level 6
[   34.889671] md: raid5 personality registered for level 5
[   34.952268] md: raid4 personality registered for level 4
[   35.024046] md: raid10 personality registered for level 10
done.
Begin: Running /scripts/init-premount ...[   35.181670] Btrfs loaded
 done.
Begin: Mounting root file system ... Beg[   35.301417] EXT4-fs (sda1): INFO: recovery required on readonly filesystem
in: Running /scr[   35.370493] EXT4-fs (sda1): write access will be enabled during recovery
ipts/local-top .[   35.522374] EXT4-fs (sda1): recovery complete
.. done.
Begin:[   35.610668] EXT4-fs (sda1): mounted filesystem with ordered data mode. Opts: (null)
 Running /scripts/local-premount ... Scanning for Btrfs filesystems
done.
Warning: fsck not present, so skipping root file system
done.
Begin: Running /scripts/local-bottom ... done.
Begin: Running /scripts/init-bottom ... done.
[   35.796079] systemd[1]: systemd 229 running in system mode. (+PAM +AUDIT +SELINUX +IMA +APPARMOR +SMACK +SYSVINIT +UTMP +LIBCRYPTSETUP +GCRYPT +GNUTLS +ACL +XZ -LZ4 +SECCOMP +BLKID +ELFUTILS +KMOD -IDN)
[   36.043779] systemd[1]: Detected virtualization oracle.
[   36.086231] systemd[1]: Detected architecture x86-64.

Welcome to [1mUbuntu 16.04.1 LTS[0m!

[   36.162492] systemd[1]: Set hostname to <db-server>.
[   36.238785] systemd-sysv-generator[392]: Configuration file /etc/systemd/system/mongodb.service is marked executable. Please remove executable permission bits. Proceeding anyway.
[   36.367499] systemd-sysv-generator[392]: Configuration file /etc/systemd/system/mongodb.service is marked world-writable. Please remove world writability permission bits. Proceeding anyway.
[   36.732890] systemd[1]: Configuration file /etc/systemd/system/mongodb.service is marked executable. Please remove executable permission bits. Proceeding anyway.
[   36.962017] systemd[1]: Configuration file /etc/systemd/system/mongodb.service is marked world-writable. Please remove world writability permission bits. Proceeding anyway.
[   37.084753] systemd[1]: Created slice System Slice.
[[0;32m  OK  [0m] Created slice System Slice.
[   37.087903] systemd[1]: Started Forward Password Requests to Wall Directory Watch.
[[0;32m  OK  [0m] Started Forward Password Requests to Wall Directory Watch.
[   37.091037] systemd[1]: Listening on Journal Socket.
[[0;32m  OK  [0m] Listening on Journal Socket.
[   37.122272] systemd[1]: Starting Nameserver information manager...
         Starting Nameserver information manager...
[   37.223287] systemd[1]: Starting Load Kernel Modules...
         Starting Load Ke[   37.313229] Loading iSCSI transport class v2.0-870.
rnel Modules...[   37.380905] random: nonblocking pool is initialized

[   37.486327] systemd[1]: Reached target Swap.
[[0;32m  OK  [0m] Reached target S[   37.557564] iscsi: registered transport (tcp)
wap.
[   37.626276] systemd[1]: Created slice system-serial\x2dgetty.slice.
[[0;32m  OK  [0[   37.704414] iscsi: registered transport (iser)
m] Created slice system-serial\x2dgetty.slice.
[   37.818301] systemd[1]: Mounting Huge Pages File System...
         Mounting Huge Pages File System...
[   37.934404] systemd[1]: Created slice User and Session Slice.
[[0;32m  OK  [0m] Created slice User and Session Slice.
[   38.118203] systemd[1]: Reached target Slices.
[[0;32m  OK  [0m] Reached target Slices.
[   38.239320] systemd[1]: Listening on Device-mapper event daemon FIFOs.
[[0;32m  OK  [0m] Listening on Device-mapper event daemon FIFOs.
[   38.434198] systemd[1]: Reached target Encrypted Volumes.
[[0;32m  OK  [0m] Reached target Encrypted Volumes.
[   38.542142] systemd[1]: Starting Set console keymap...
         Starting Set console keymap...
[   38.650160] systemd[1]: Listening on Journal Audit Socket.
[[0;32m  OK  [0m] Listening on Journal Audit Socket.
[   38.838417] systemd[1]: Listening on LVM2 poll daemon socket.
[[0;32m  OK  [0m] Listening on LVM2 poll daemon socket.
[   38.994441] systemd[1]: Listening on udev Kernel Socket.
[[0;32m  OK  [0m] Listening on udev Kernel Socket.
[   39.122234] systemd[1]: Mounting Debug File System...
         Mounting Debug File System...
[   39.246494] systemd[1]: Set up automount Arbitrary Executable File Formats File System Automount Point.
[[0;32m  OK  [0m] Set up automount Arbitrary Executab...ats File System Automount Point.
[   39.315178] systemd[1]: Listening on Journal Socket (/dev/log).
[[0;32m  OK  [0m] Listening on Journal Socket (/dev/log).
[   39.502229] systemd[1]: Listening on /dev/initctl Compatibility Named Pipe.
[[0;32m  OK  [0m] Listening on /dev/initctl Compatibility Named Pipe.
[   39.714434] systemd[1]: Listening on LVM2 metadata daemon socket.
[[0;32m  OK  [0m] Listening on LVM2 metadata daemon socket.
[   39.910644] systemd[1]: Starting Monitoring of LVM2 mirrors, snapshots etc. using dmeventd or progress polling...
         Starting Monitoring of LVM2 mirrors... dmeventd or progress polling...
[   40.162155] systemd[1]: Reached target User and Group Name Lookups.
[[0;32m  OK  [0m] Reached target User and Group Name Lookups.
[   40.358176] systemd[1]: Starting Remount Root and Kernel File Systems...
         [   40.471763] EXT4-fs (sda1): re-mounted. Opts: (null)
Starting Remount Root and Kernel File Systems...
[   40.610095] systemd[1]: Mounting POSIX Message Queue File System...
         Mounting POSIX Message Queue File System...
[   40.786394] systemd[1]: Listening on udev Control Socket.
[[0;32m  OK  [0m] Listening on udev Control Socket.
[   40.990188] systemd[1]: Starting Uncomplicated firewall...
         Starting Uncomplicated firewall...
[   41.146751] systemd[1]: Starting Create list of required static device nodes for the current kernel...
         Starting Create list of required st... nodes for the current kernel...
[   41.236433] systemd[1]: Listening on Syslog Socket.
[[0;32m  OK  [0m] Listening on Syslog Socket.
[   41.239083] systemd[1]: Starting Journal Service...
         Starting Journal Service...
[   41.331068] systemd[1]: Mounted POSIX Message Queue File System.
[[0;32m  OK  [0m] Mounted POSIX Message Queue File System.
[   41.446344] systemd[1]: Mounted Debug File System.
[[0;32m  OK  [0m] Mounted Debug File System.
[   41.618621] systemd[1]: Mounted Huge Pages File System.
[[0;32m  OK  [0m] Mounted Huge Pages File System.
[   41.742397] systemd[1]: Started Journal Service.
[[0;32m  OK  [0m] Started Journal Service.
[[0;32m  OK  [0m] Started Load Kernel Modules.
[[0;32m  OK  [0m] Started Set console keymap.
[[0;32m  OK  [0m] Started Remount Root and Kernel File Systems.
[[0;32m  OK  [0m] Started Uncomplicated firewall.
[[0;32m  OK  [0m] Started Create list of required sta...ce nodes for the current kernel.
[[0;32m  OK  [0m] Started Nameserver information manager.
[[0;32m  OK  [0m] Started LVM2 metadata daemon.
         Starting Create Static Device Nodes in /dev...
         Starting Initial cloud-init job (pre-networking)...
         Starting Load/Save Random Seed...
         Starting udev Coldplug all Devices...
         Starting Apply Kernel Variables...
         Mounting FUSE Control File System...
         Starting Flush Journal to Persistent Storage...
[[0;32m  OK  [0m] Mounted FUSE Control File System.
[[0;32m  OK  [0m] Started Create Static Device Nodes in /dev.
[[0;32m  OK  [0m] Started Load/Save Random Seed.
[[0;32m  OK  [0m] Started Apply Kernel Variables.
[[0;32m  OK  [0m] Started udev Coldplug all Devices.
[[0;32m  OK  [0m] Started Flush Journal to Persistent Storage.
[[0;32m  OK  [0m] Started Monitoring of LVM2 mirrors,...ng dmeventd or progress polling.
         Starting udev Kernel Device Manager...
[[0;32m  OK  [0m] Started udev Kernel Device Manager.
[[0;32m  OK  [0m] Reached target Local File Systems (Pre).
[[0;32m  OK  [0m] Reached target Local File Systems.
[   25.290227] cloud-init[476]: Cloud-init v. 0.7.8 running 'init-local' at Fri, 20 Jan 2017 01:51:20 +0000. Up 25.02 seconds.
         Starting LSB: AppArmor initialization...
         Starting Create Volatile Files and Directories...
         Starting Set console font and keymap...
         Starting Tell Plymouth To Write Out Runtime Data...
[[0;32m  OK  [0m] Started Dispatch Password Requests to Console Directory Watch.
[[0;32m  OK  [0m] Started Create Volatile Files and Directories.
[[0;32m  OK  [0m] Started Tell Plymouth To Write Out Runtime Data.
[[0;32m  OK  [0m] Started Set console font and keymap.
[[0;32m  OK  [0m] Started Initial cloud-init job (pre-networking).
[[0;32m  OK  [0m] Found device /dev/ttyS0.
[[0;32m  OK  [0m] Listening on Load/Save RF Kill Switch Status /dev/rfkill Watch.
[[0;32m  OK  [0m] Reached target Network (Pre).
[[0;32m  OK  [0m] Created slice system-getty.slice.
[[0;32m  OK  [0m] Reached target System Time Synchronized.
         Starting Update UTMP about System Boot/Shutdown...
[[0;32m  OK  [0m] Started LSB: AppArmor initialization.
[[0;32m  OK  [0m] Started ifup for enp0s8.
[[0;32m  OK  [0m] Started ifup for enp0s3.
         Starting Raise network interfaces...
[[0;32m  OK  [0m] Started Update UTMP about System Boot/Shutdown.
[[0;32m  OK  [0m] Started Raise network interfaces.
         Starting Initial cloud-init job (metadata service crawler)...
[[0;32m  OK  [0m] Reached target Network.
[   28.930603] cloud-init[1150]: Cloud-init v. 0.7.8 running 'init' at Fri, 20 Jan 2017 01:51:24 +0000. Up 28.75 seconds.
[   29.029321] cloud-init[1150]: ci-info: ++++++++++++++++++++++++++++++++++++++Net device info++++++++++++++++++++++++++++++++++++++
[[0;32m  OK  [0m] Started Initial cloud-init job (metadata service crawler).
[   29.046503] cloud-init[1150]: ci-info: +--------+------+-----------------------------+---------------+-------+-------------------+
[   29.139826] [cloud-init[0;32m  OK  [0m[1150]: ] ci-info: | Device |  Up  |           Address           |      Mask     | Scope |     Hw-Address    |Reached target Network is Online.

[   29.140510] cloud-init[1150]: ci-info: +--------+------+-----------------------------+---------------+-------+-------------------+
[   29.360638]          cloud-initStarting iSCSI initiator daemon (iscsid)...[1150]: 
ci-info: |   lo   | True |          127.0.0.1          |   255.0.0.0   |   .   |         .         |
[   29.492916] [cloud-init[0;32m  OK  [0m[1150]: ] ci-info: |   lo   | True |           ::1/128           |       .       |  host |         .         |Reached target System Initialization.

         Starting Socket activation for snappy daemon.
[[0;32m  OK  [0m] Listening on ACPID Listen Socket.
[[0;32m  OK  [0m] Listening on UUID daemon activation socket.
[   29.493721] cloud-init[1150]: ci-info: | enp0s3 | True |          10.0.2.15          | 255.255.255.0 |   .   | 02:a5:4d:55:cc:47 |
[   29.844697] [cloud-init[0;32m  OK  [0m[1150]: ] ci-info: | enp0s3 | True |  fe80::a5:4dff:fe55:cc47/64 |       .       |  link | 02:a5:4d:55:cc:47 |Started Timer to automatically refresh installed snaps.

[[0;32m  OK  [0m] Started Daily apt activities.
[[0;32m  OK  [0m] Started Daily Cleanup of Temporary Directories.
[   29.845304] cloud-init[1150]: ci-info: | enp0s8 | True |         192.168.10.3        | 255.255.255.0 |   .   | 08:00:27:94:8b:8e |
[[0;32m  OK  [0m] Reached target Timers.
[[0;32m  OK  [0m] Listening on D-Bus System Message Bus Socket.
[[0;32m  OK  [0m] Started Trigger resolvconf update for networkd DNS.
[   29.993409] cloud-init[1150]: ci-info: | enp0s8 | True | fe80::a00:27ff:fe94:8b8e/64 |       .       |  link | 08:00:27:94:8b:8e |
[   30.340863] [cloud-init[0;32m  OK  [0m[1150]: ] ci-info: +--------+------+-----------------------------+---------------+-------+-------------------+Started ACPI Events Check.

[[0;32m  OK  [0m] Reached target Paths.
[   30.341489] cloud-init[1150]: ci-info: ++++++++++++++++++++++++++++Route IPv4 info++++++++++++++++++++++++++++
[   30.572842]          cloud-initStarting LXD - unix socket.[1150]: 
ci-info: +-------+--------------+----------+---------------+-----------+-------+
[   30.668694] [cloud-init[0;32m  OK  [0m[1150]: ] ci-info: | Route | Destination  | Gateway  |    Genmask    | Interface | Flags |Reached target Cloud-config availability.

[   30.669279] cloud-init[1150]: ci-info: +-------+--------------+----------+---------------+-----------+-------+
[   30.892457] [cloud-init[0;32m  OK  [0m[1150]: ] ci-info: |   0   |   0.0.0.0    | 10.0.2.2 |    0.0.0.0    |   enp0s3  |   UG  |Listening on Socket activation for snappy daemon.

[[0;32m  OK  [0m] Listening on LXD - unix socket.
[[0;32m  OK  [0m] Started iSCSI initiator daemon (iscsid).
[   30.893053] cloud-init[1150]: ci-info: |   1   |   10.0.2.0   | 0.0.0.0  | 255.255.255.0 |   enp0s3  |   U   |
[   31.176607]          cloud-initStarting Login to default iSCSI targets...[1150]: 
ci-info: |   2   | 192.168.10.0 | 0.0.0.0  | 255.255.255.0 |   enp0s8  |   U   |
[   31.276747] [cloud-init[0;32m  OK  [0m[1150]: ] ci-info: +-------+--------------+----------+---------------+-----------+-------+Reached target Sockets.

[[0;32m  OK  [0m] Reached target Basic System.
[[0;32m  OK  [0m] Started Snappy daemon.
         Starting Apply the settings specified in cloud-config...
         Starting Auto import assertions from block devices...
         Starting OpenBSD Secure Shell server...
[[0;32m  OK  [0m] Started Regular background program processing daemon.
[[0;32m  OK  [0m] Started Deferred execution scheduler.
[[0;32m  OK  [0m] Started ACPI event daemon.
[   31.798092] cloud-init[1212]: Cloud-init v. 0.7.8 running 'modules:config' at Fri, 20 Jan 2017 01:51:27 +0000. Up 31.71 seconds.
         Starting LSB: Record successful boot for GRUB...
[[0;32m  OK  [0m] Started FUSE filesystem for LXC.
         Starting Login Service...
         Starting Accounts Service...
         Starting /etc/rc.local Compatibility...
         Starting System Logging Service...
         Starting LXD - container startup/shutdown...
[[0;32m  OK  [0m] Started D-Bus System Message Bus.
[[0;32m  OK  [0m] Started High-performance, schema-free document-oriented database.
         Starting LSB: MD monitoring daemon...
[[0;32m  OK  [0m] Started OpenBSD Secure Shell server.
[[0;32m  OK  [0m] Started System Logging Service.
[[0;32m  OK  [0m] Started Apply the settings specified in cloud-config.
[[0;32m  OK  [0m] Started Auto import assertions from block devices.
[[0;32m  OK  [0m] Started /etc/rc.local Compatibility.
[[0;32m  OK  [0m] Started LXD - container startup/shutdown.
[[0;32m  OK  [0m] Started Login to default iSCSI targets.
[[0;32m  OK  [0m] Started LSB: Record successful boot for GRUB.
[[0;32m  OK  [0m] Started LSB: MD monitoring daemon.
[[0;32m  OK  [0m] Started Login Service.
         Starting Authenticate and Authorize Users to Run Privileged Tasks...
[[0;32m  OK  [0m] Reached target Remote File Systems (Pre).
[[0;32m  OK  [0m] Reached target Remote File Systems.
         Starting LSB: VirtualBox Linux Additions...
         Starting LSB: automatic crash report generation...
         Starting LSB: Set the CPU Frequency Scaling governor to "ondemand"...
         Starting LSB: daemon to balance interrupts for SMP systems...
         Starting Permit User Sessions...
[[0;32m  OK  [0m] Started Permit User Sessions.
[[0;32m  OK  [0m] Started Authenticate and Authorize Users to Run Privileged Tasks.
[[0;32m  OK  [0m] Started Accounts Service.
[[0;32m  OK  [0m] Started LSB: Set the CPU Frequency Scaling governor to "ondemand".
[[0;32m  OK  [0m] Started LSB: VirtualBox Linux Additions.
[[0;32m  OK  [0m] Started LSB: automatic crash report generation.
[[0;32m  OK  [0m] Created slice User Slice of ubuntu.
         Starting User Manager for UID 1000...
[[0;32m  OK  [0m] Started Session 1 of user ubuntu.
         Starting Hold until boot process finishes up...
         Starting Terminate Plymouth Boot Screen...
[[0;32m  OK  [0m] Started User Manager for UID 1000.
[[0;32m  OK  [0m] Started LSB: daemon to balance interrupts for SMP systems.
[[0;32m  OK  [0m] Started Hold until boot process finishes up.
[[0;32m  OK  [0m] Started Terminate Plymouth Boot Screen.
[[0;32m  OK  [0m] Started Serial Getty on ttyS0.
[[0;32m  OK  [0m] Started Getty on tty1.
[[0;32m  OK  [0m] Reached target Login Prompts.
         Starting Set console scheme...
[[0;32m  OK  [0m] Reached target Multi-User System.
         Starting Execute cloud user/final scripts...
[[0;32m  OK  [0m] Reached target Graphical Interface.
         Starting Update UTMP about System Runlevel Changes...
[[0;32m  OK  [0m] Started Set console scheme.
[[0;32m  OK  [0m] Started Update UTMP about System Runlevel Changes.
[   34.127231] cloud-init[1395]: Cloud-init v. 0.7.8 running 'modules:final' at Fri, 20 Jan 2017 01:51:29 +0000. Up 34.03 seconds.
[   34.244799] cloud-init[1395]: Cloud-init v. 0.7.8 finished at Fri, 20 Jan 2017 01:51:29 +0000. Datasource DataSourceNoCloud [seed=/dev/sdb][dsmode=net].  Up 34.11 seconds
[[0;32m  OK  [0m] Started Execute cloud user/final scripts.
[[0;32m  OK  [0m] Reached target Cloud-init target.

Ubuntu 16.04.1 LTS db-server ttyS0

db-server login: 